name,latitude,longitude,count
Test_1,0.1,0.2,1
Test_2,0.2,0.3,2
Test_2,0.3,0.3,1
Test_3,0.3,0.4,1
Test_4,0.4,0.5,1
Test_5,0.5,0.6,1
