name,hab0,hab1
Test_1,1,0
Test_2,2,1
Test_3,0,1
Test_4,0,1
Test_5,1,0
