name,latitude,longitude,count
LorLacte,0.1,0.2,1
LorLact5,0.2,0.3,2
LorLact5,0.3,0.3,1
LorLact2,0.3,0.4,1
BtlSymb2,0.4,0.5,1
LorLact3,0.5,0.6,1
