name,hab0,hab1
LorLacte,1,0
LorLact5,2,1
LorLact2,0,1
BtlSymb2,0,1
LorLact3,1,0
